'El dise├▒o es el pensamiento hecho visual.' 
FenixFat mié. 25/02/2026 - ( 3:22:51,65)
Ôû▓ Next.js 16.1.6 (Turbopack)
- Environments: .env

  Creating an optimized production build ...
Ô£ô Compiled successfully in 13.2s
  Running TypeScript ...
  Collecting page data using 3 workers ...
  Generating static pages using 3 workers (0/13) ...
  Generating static pages using 3 workers (3/13) 
  Generating static pages using 3 workers (6/13) 
  Generating static pages using 3 workers (9/13) 
Ô£ô Generating static pages using 3 workers (13/13) in 784.4ms
  Finalizing page optimization ...

Route (app)
Ôöî Ôùï /
Ôö£ Ôùï /_not-found
Ôö£ ãÆ /api/config
Ôö£ ãÆ /api/knowledge
Ôö£ ãÆ /api/knowledge/upload
Ôö£ ãÆ /api/logs
Ôö£ ãÆ /api/schedule
Ôö£ Ôùï /knowledge
Ôö£ Ôùï /logs
Ôö£ Ôùï /scheduler
Ôöö Ôùï /settings


Ôùï  (Static)   prerendered as static content
ãÆ  (Dynamic)  server-rendered on demand

